// Jest Snapshot v1, https://goo.gl/fbAQLP

exports[`nodeConfig should match the snapshot 1`] = `
{
  "JARO_WEIGHT": 0.95,
  "JARO_WEIGHT_PERSONAL": 0.9,
  "addClickToSpecialNodes": [
    "ng-select",
    "ngb-datepicker",
  ],
  "cancelRecordingDuringRecordingNodes": [],
  "commonTags": [
    "span",
    "div",
  ],
  "customNameForSpecialNodes": {
    "mat-datepicker-content": "Date selector",
    "ngb-datepicker": "Date selector",
    "ngx-daterangepicker-material": "Date Range Selector",
  },
  "ignoreAttributes": [
    "translate",
    "draggable",
    "spellcheck",
    "tabindex",
    "clientHeight",
    "clientLeft",
    "clientTop",
    "clientWidth",
    "offsetHeight",
    "offsetLeft",
    "offsetTop",
    "offsetWidth",
    "scrollHeight",
    "scrollLeft",
    "scrollTop",
    "scrollWidth",
    "baseURI",
    "isConnected",
    "ariaPressed",
    "aria-pressed",
    "nodePosition",
    "outerHTML",
    "innerHTML",
    "style",
    "aria-controls",
    "aria-activedescendant",
    "ariaExpanded",
    "autocomplete",
    "aria-expanded",
    "aria-owns",
    "formAction",
    "ng-star-inserted",
    "ng-star",
    "aria-describedby",
    "width",
    "height",
    "x",
    "y",
    "selectionStart",
    "selectionEnd",
    "required",
    "validationMessage",
    "selectionDirection",
    "naturalWidth",
    "naturalHeight",
    "complete",
    "_indexOf",
    "value",
    "defaultValue",
    "min",
    "max",
    "nodeInfo",
    "data-tooltip-id",
    "addedclickrecord",
    "checked",
    "data-tribute",
    "hasclick",
    "addedClickRecord",
    "hasClick",
    "valueAsNumber",
    "udaIgnoreChildren",
    "udaIgnoreClick",
    "udaignorechildren",
    "udaignoreclick",
    "fdprocessedid",
    "__ngContext__",
    "d",
    "text",
    "textContent",
    "cdk-describedby-host",
    "inert",
    "fill",
    "disabled",
    "hidden",
    "data-activates",
  ],
  "ignoreClicksOnSpecialNodes": [
    "ngx-daterangepicker-material",
  ],
  "ignoreDynamicAttributeText": [
    "_ng",
    "__context",
    "__zone_symbol",
    "",
  ],
  "ignoreElements": [
    "script",
    "h1",
    "h2",
    "h3",
    "link",
    "noscript",
    "style",
  ],
  "ignoreNodesContainingClassNames": [
    "cke_dialog_container",
    "cke_notifications_area",
    "gldp-default",
    "ajs-layer",
    "aui-list",
    "herknl",
    "jstBlock",
  ],
  "ignoreNodesFromIndexing": [
    "ng-dropdown-panel",
    "ckeditor",
    "fusioncharts",
    "ngb-datepicker",
    "ngx-daterangepicker-material",
    "uda-panel",
    "mat-datepicker-content",
    "ng-select",
  ],
  "innerTextWeight": 5,
  "personalNodeIgnoreAttributes": [
    "innerText",
    "innerHTML",
    "outerText",
    "outerHTML",
    "nodeValue",
    "src",
    "naturalWidth",
    "naturalHeight",
    "currentSrc",
  ],
  "specialInputClickClassNames": [
    "ghx-dropdown-trigger",
    "aui-list",
    "jstBlock",
    "mat-form-field-flex",
    "mat-select-trigger",
  ],
  "tooltipDisplayedNodes": [],
}
`;
